[gate] feature panel OK: 65587 bars, test-set sentiment coverage 98.0%

======================================================================
SEED 9
======================================================================

=== Building multi-modal panel for EUR/USD (source=panel, n_days=100, interval=1h) ===
[data] panel source actually used: real  (signal_strength=n/a)
[data] train stride 3: train 45,850->15,284, val 9,837->3,279 (test untouched)
train=15284  val=3279  test=9828  features=37
[stationarity] ADF statistic=-2.5578  p-value=0.2997  -> non-stationary (unit root present, as Paper 1 also found)

=== Fitting XGBoost expert (fused inside the Hybrid architecture) ===
[features] XGBoost importance audit -- top: sent_mean=0.038, dollar_ret5=0.035, drift_60=0.034, sent_vol=0.032, sent_min=0.032, ret_close=0.032
[features] lowest-importance (noise candidates): sig_buy=0.022, sig_sell=0.021, cpi_mom=0.000, cpi_yoy=0.000, days_since_cpi=0.000
[garch-expert] npz was built for a DIFFERENT close series -- rerun `python build_garch_expert.py`; continuing WITHOUT the GARCH expert.

=== Training Hybrid CNN-LSTM-Transformer (+ internally-fused XGBoost branch) ===
C:\Sudhakar\Github\Forex_Price_Prediction\models\transformer_block.py:52: UserWarning: enable_nested_tensor is True, but self.use_nested_tensor is False because encoder_layer.norm_first was True
  self.encoder = nn.TransformerEncoder(encoder_layer, num_layers=n_layers)
Hybrid model parameters: 4,401,767 (4.40M)
[two-stage] Stage 1: quant-only, text bypassed, 18 epochs, full history (train=15284)
epoch 01/18 | train_loss=-1.147642 | val_loss=-1.441386 | val_dir_acc=0.4980 | 249.6s
epoch 02/18 | train_loss=-1.515901 | val_loss=-1.571718 | val_dir_acc=0.4979 | 251.1s
epoch 03/18 | train_loss=-1.673018 | val_loss=-1.822661 | val_dir_acc=0.4948 | 280.1s
epoch 04/18 | train_loss=-1.777045 | val_loss=-1.752937 | val_dir_acc=0.4985 | 299.2s
epoch 05/18 | train_loss=-1.825764 | val_loss=-1.859122 | val_dir_acc=0.4876 | 300.3s
epoch 06/18 | train_loss=-1.836914 | val_loss=-1.858001 | val_dir_acc=0.4988 | 290.7s
epoch 07/18 | train_loss=-1.871049 | val_loss=-1.772998 | val_dir_acc=0.5000 | 300.3s
epoch 08/18 | train_loss=-1.865835 | val_loss=-1.862178 | val_dir_acc=0.4992 | 309.9s
epoch 09/18 | train_loss=-1.886236 | val_loss=-1.886489 | val_dir_acc=0.4882 | 301.5s
epoch 10/18 | train_loss=-1.895604 | val_loss=-1.902379 | val_dir_acc=0.4954 | 301.5s
epoch 11/18 | train_loss=-1.891859 | val_loss=-1.809766 | val_dir_acc=0.4962 | 341.6s
epoch 12/18 | train_loss=-1.914081 | val_loss=-1.886368 | val_dir_acc=0.4964 | 343.4s
epoch 13/18 | train_loss=-1.924975 | val_loss=-1.916165 | val_dir_acc=0.4932 | 344.4s
epoch 14/18 | train_loss=-1.931786 | val_loss=-1.924704 | val_dir_acc=0.4975 | 339.9s
epoch 15/18 | train_loss=-1.928746 | val_loss=-1.835459 | val_dir_acc=0.4979 | 335.6s
Early stopping at epoch 15 (best val_dir_acc=0.5000)
[two-stage] Stage 2: text+fusion+decoder fine-tune, 12 epochs, news-dense subset (train=11159); froze 4,150,146 quant params, 251,621 trainable
epoch 01/12 | train_loss=-1.965884 | val_loss=-1.901615 | val_dir_acc=0.4990 | 190.9s
epoch 02/12 | train_loss=-1.972686 | val_loss=-1.913036 | val_dir_acc=0.4905 | 202.5s
epoch 03/12 | train_loss=-1.968527 | val_loss=-1.913172 | val_dir_acc=0.4933 | 201.1s
epoch 04/12 | train_loss=-1.975563 | val_loss=-1.907989 | val_dir_acc=0.4962 | 200.6s
epoch 05/12 | train_loss=-1.976034 | val_loss=-1.912226 | val_dir_acc=0.4937 | 205.3s
epoch 06/12 | train_loss=-1.971813 | val_loss=-1.914858 | val_dir_acc=0.4966 | 203.2s
epoch 07/12 | train_loss=-1.972598 | val_loss=-1.910302 | val_dir_acc=0.4918 | 203.2s
epoch 08/12 | train_loss=-1.974974 | val_loss=-1.917719 | val_dir_acc=0.4946 | 203.9s
epoch 09/12 | train_loss=-1.978389 | val_loss=-1.910563 | val_dir_acc=0.4962 | 203.7s
Early stopping at epoch 9 (best val_dir_acc=0.4990)
[adaptive] static-expert Hybrid DirAcc: 0.5053 (expert frozen at the train boundary)
[wf-expert] block 1/99: refit on 18560 windows (cutoff idx 55737), predicted 100
[wf-expert] block 2/99: refit on 18653 windows (cutoff idx 55837), predicted 100
[wf-expert] block 3/99: refit on 18753 windows (cutoff idx 55937), predicted 100
[wf-expert] block 4/99: refit on 18853 windows (cutoff idx 56037), predicted 100
[wf-expert] block 5/99: refit on 18953 windows (cutoff idx 56137), predicted 100
[wf-expert] block 6/99: refit on 19053 windows (cutoff idx 56237), predicted 100
[wf-expert] block 7/99: refit on 19153 windows (cutoff idx 56337), predicted 100
[wf-expert] block 8/99: refit on 19253 windows (cutoff idx 56437), predicted 100
[wf-expert] block 9/99: refit on 19353 windows (cutoff idx 56537), predicted 100
[wf-expert] block 10/99: refit on 19453 windows (cutoff idx 56637), predicted 100
[wf-expert] block 11/99: refit on 19553 windows (cutoff idx 56737), predicted 100
[wf-expert] block 12/99: refit on 19653 windows (cutoff idx 56837), predicted 100
[wf-expert] block 13/99: refit on 19753 windows (cutoff idx 56937), predicted 100
[wf-expert] block 14/99: refit on 19853 windows (cutoff idx 57037), predicted 100
[wf-expert] block 15/99: refit on 19953 windows (cutoff idx 57137), predicted 100
[wf-expert] block 16/99: refit on 20053 windows (cutoff idx 57237), predicted 100
[wf-expert] block 17/99: refit on 20153 windows (cutoff idx 57337), predicted 100
[wf-expert] block 18/99: refit on 20253 windows (cutoff idx 57437), predicted 100
[wf-expert] block 19/99: refit on 20353 windows (cutoff idx 57537), predicted 100
[wf-expert] block 20/99: refit on 20453 windows (cutoff idx 57637), predicted 100
[wf-expert] block 21/99: refit on 20553 windows (cutoff idx 57737), predicted 100
[wf-expert] block 22/99: refit on 20653 windows (cutoff idx 57837), predicted 100
[wf-expert] block 23/99: refit on 20753 windows (cutoff idx 57937), predicted 100
[wf-expert] block 24/99: refit on 20853 windows (cutoff idx 58037), predicted 100
[wf-expert] block 25/99: refit on 20953 windows (cutoff idx 58137), predicted 100
[wf-expert] block 26/99: refit on 21053 windows (cutoff idx 58237), predicted 100
[wf-expert] block 27/99: refit on 21153 windows (cutoff idx 58337), predicted 100
[wf-expert] block 28/99: refit on 21253 windows (cutoff idx 58437), predicted 100
[wf-expert] block 29/99: refit on 21353 windows (cutoff idx 58537), predicted 100
[wf-expert] block 30/99: refit on 21453 windows (cutoff idx 58637), predicted 100
[wf-expert] block 31/99: refit on 21553 windows (cutoff idx 58737), predicted 100
[wf-expert] block 32/99: refit on 21653 windows (cutoff idx 58837), predicted 100
[wf-expert] block 33/99: refit on 21753 windows (cutoff idx 58937), predicted 100
[wf-expert] block 34/99: refit on 21853 windows (cutoff idx 59037), predicted 100
[wf-expert] block 35/99: refit on 21953 windows (cutoff idx 59137), predicted 100
[wf-expert] block 36/99: refit on 22053 windows (cutoff idx 59237), predicted 100
[wf-expert] block 37/99: refit on 22153 windows (cutoff idx 59337), predicted 100
[wf-expert] block 38/99: refit on 22253 windows (cutoff idx 59437), predicted 100
[wf-expert] block 39/99: refit on 22353 windows (cutoff idx 59537), predicted 100
[wf-expert] block 40/99: refit on 22453 windows (cutoff idx 59637), predicted 100
[wf-expert] block 41/99: refit on 22553 windows (cutoff idx 59737), predicted 100
[wf-expert] block 42/99: refit on 22653 windows (cutoff idx 59837), predicted 100
[wf-expert] block 43/99: refit on 22753 windows (cutoff idx 59937), predicted 100
[wf-expert] block 44/99: refit on 22853 windows (cutoff idx 60037), predicted 100
[wf-expert] block 45/99: refit on 22953 windows (cutoff idx 60137), predicted 100
[wf-expert] block 46/99: refit on 23053 windows (cutoff idx 60237), predicted 100
[wf-expert] block 47/99: refit on 23153 windows (cutoff idx 60337), predicted 100
[wf-expert] block 48/99: refit on 23253 windows (cutoff idx 60437), predicted 100
[wf-expert] block 49/99: refit on 23353 windows (cutoff idx 60537), predicted 100
[wf-expert] block 50/99: refit on 23453 windows (cutoff idx 60637), predicted 100
[wf-expert] block 51/99: refit on 23553 windows (cutoff idx 60737), predicted 100
[wf-expert] block 52/99: refit on 23653 windows (cutoff idx 60837), predicted 100
[wf-expert] block 53/99: refit on 23753 windows (cutoff idx 60937), predicted 100
[wf-expert] block 54/99: refit on 23853 windows (cutoff idx 61037), predicted 100
[wf-expert] block 55/99: refit on 23953 windows (cutoff idx 61137), predicted 100
[wf-expert] block 56/99: refit on 24053 windows (cutoff idx 61237), predicted 100
[wf-expert] block 57/99: refit on 24153 windows (cutoff idx 61337), predicted 100
[wf-expert] block 58/99: refit on 24253 windows (cutoff idx 61437), predicted 100
[wf-expert] block 59/99: refit on 24353 windows (cutoff idx 61537), predicted 100
[wf-expert] block 60/99: refit on 24453 windows (cutoff idx 61637), predicted 100
[wf-expert] block 61/99: refit on 24553 windows (cutoff idx 61737), predicted 100
[wf-expert] block 62/99: refit on 24653 windows (cutoff idx 61837), predicted 100
[wf-expert] block 63/99: refit on 24753 windows (cutoff idx 61937), predicted 100
[wf-expert] block 64/99: refit on 24853 windows (cutoff idx 62037), predicted 100
[wf-expert] block 65/99: refit on 24953 windows (cutoff idx 62137), predicted 100
[wf-expert] block 66/99: refit on 25053 windows (cutoff idx 62237), predicted 100
[wf-expert] block 67/99: refit on 25153 windows (cutoff idx 62337), predicted 100
[wf-expert] block 68/99: refit on 25253 windows (cutoff idx 62437), predicted 100
[wf-expert] block 69/99: refit on 25353 windows (cutoff idx 62537), predicted 100
[wf-expert] block 70/99: refit on 25453 windows (cutoff idx 62637), predicted 100
[wf-expert] block 71/99: refit on 25553 windows (cutoff idx 62737), predicted 100
[wf-expert] block 72/99: refit on 25653 windows (cutoff idx 62837), predicted 100
[wf-expert] block 73/99: refit on 25753 windows (cutoff idx 62937), predicted 100
[wf-expert] block 74/99: refit on 25853 windows (cutoff idx 63037), predicted 100
[wf-expert] block 75/99: refit on 25953 windows (cutoff idx 63137), predicted 100
[wf-expert] block 76/99: refit on 26053 windows (cutoff idx 63237), predicted 100
[wf-expert] block 77/99: refit on 26153 windows (cutoff idx 63337), predicted 100
[wf-expert] block 78/99: refit on 26253 windows (cutoff idx 63437), predicted 100
[wf-expert] block 79/99: refit on 26353 windows (cutoff idx 63537), predicted 100
[wf-expert] block 80/99: refit on 26453 windows (cutoff idx 63637), predicted 100
[wf-expert] block 81/99: refit on 26553 windows (cutoff idx 63737), predicted 100
[wf-expert] block 82/99: refit on 26653 windows (cutoff idx 63837), predicted 100
[wf-expert] block 83/99: refit on 26753 windows (cutoff idx 63937), predicted 100
[wf-expert] block 84/99: refit on 26853 windows (cutoff idx 64037), predicted 100
[wf-expert] block 85/99: refit on 26953 windows (cutoff idx 64137), predicted 100
[wf-expert] block 86/99: refit on 27053 windows (cutoff idx 64237), predicted 100
[wf-expert] block 87/99: refit on 27153 windows (cutoff idx 64337), predicted 100
[wf-expert] block 88/99: refit on 27253 windows (cutoff idx 64437), predicted 100
[wf-expert] block 89/99: refit on 27353 windows (cutoff idx 64537), predicted 100
[wf-expert] block 90/99: refit on 27453 windows (cutoff idx 64637), predicted 100
[wf-expert] block 91/99: refit on 27553 windows (cutoff idx 64737), predicted 100
[wf-expert] block 92/99: refit on 27653 windows (cutoff idx 64837), predicted 100
[wf-expert] block 93/99: refit on 27753 windows (cutoff idx 64937), predicted 100
[wf-expert] block 94/99: refit on 27853 windows (cutoff idx 65037), predicted 100
[wf-expert] block 95/99: refit on 27953 windows (cutoff idx 65137), predicted 100
[wf-expert] block 96/99: refit on 28053 windows (cutoff idx 65237), predicted 100
[wf-expert] block 97/99: refit on 28153 windows (cutoff idx 65337), predicted 100
[wf-expert] block 98/99: refit on 28253 windows (cutoff idx 65437), predicted 100
[wf-expert] block 99/99: refit on 28353 windows (cutoff idx 65537), predicted 28
[adaptive] walk-forward-expert Hybrid DirAcc: 0.4994 (delta -0.0059)
[export] results/predictions_test_Hybrid_CNN_LSTM_Transformer_seed9.csv
[hybrid] val-calibrated sign thresholds: test DirAcc 0.4978 (raw 0.4994, always-up base 0.5037, edge vs base -0.6pp)
[hybrid] calibrated abstention: act on 25% of signals (tau from val q=0.8, mode=fade) -> test selective DirAcc 0.490 vs 0.499 unfiltered
[backtest] conviction strategy (fade): -28.61% net (buy&hold +9.26%), Sharpe -5.15 (b&h 0.75), in market 24%, 1554 transactions @ 2.0bps
[hybrid] learned average XGBoost trust weight on test set: 0.754 (0=ignored, 1=fully trusted)

=== Evaluating ARIMA baseline (walk-forward, ≤1500 strided test origins) ===
[export] ARIMA: 1500 strided baseline origins (< 9828 test) -> full-length CSV skipped

=== Evaluating GARCH baseline (AR(1)-GARCH(1,1), ≤1500 strided test origins) ===
[export] GARCH: 1500 strided baseline origins (< 9828 test) -> full-length CSV skipped

=== Summary (overall test-set metrics) ===
Hybrid_CNN_LSTM_Transformer    MAE=0.00167  RMSE=0.00249  R2=-0.302  DirAcc=0.499  ClfDirAcc=0.501
ARIMA                          MAE=0.00143  RMSE=0.00215  R2=-0.015  DirAcc=0.488
GARCH                          MAE=0.00142  RMSE=0.00214  R2=-0.002  DirAcc=0.504

Machine-readable report written to results/evaluation_report.json
Human-readable report written to report/report_seed_9\report.html  (charts also saved under report/report_seed_9/charts/)

======================================================================
SEED 36
======================================================================

=== Building multi-modal panel for EUR/USD (source=panel, n_days=100, interval=1h) ===
[data] panel source actually used: real  (signal_strength=n/a)
[data] train stride 3: train 45,850->15,284, val 9,837->3,279 (test untouched)
train=15284  val=3279  test=9828  features=37
[stationarity] ADF statistic=-2.5578  p-value=0.2997  -> non-stationary (unit root present, as Paper 1 also found)

=== Fitting XGBoost expert (fused inside the Hybrid architecture) ===
[features] XGBoost importance audit -- top: sent_mean=0.038, dollar_ret5=0.035, drift_60=0.034, sent_vol=0.032, sent_min=0.032, ret_close=0.032
[features] lowest-importance (noise candidates): sig_buy=0.022, sig_sell=0.021, cpi_mom=0.000, cpi_yoy=0.000, days_since_cpi=0.000
[garch-expert] npz was built for a DIFFERENT close series -- rerun `python build_garch_expert.py`; continuing WITHOUT the GARCH expert.

=== Training Hybrid CNN-LSTM-Transformer (+ internally-fused XGBoost branch) ===
C:\Sudhakar\Github\Forex_Price_Prediction\models\transformer_block.py:52: UserWarning: enable_nested_tensor is True, but self.use_nested_tensor is False because encoder_layer.norm_first was True
  self.encoder = nn.TransformerEncoder(encoder_layer, num_layers=n_layers)
Hybrid model parameters: 4,401,767 (4.40M)
[two-stage] Stage 1: quant-only, text bypassed, 18 epochs, full history (train=15284)
epoch 01/18 | train_loss=-1.127665 | val_loss=-1.297890 | val_dir_acc=0.5000 | 246.6s
epoch 02/18 | train_loss=-1.475370 | val_loss=-1.771608 | val_dir_acc=0.4927 | 246.6s
epoch 03/18 | train_loss=-1.634484 | val_loss=-1.867481 | val_dir_acc=0.4966 | 267.9s
epoch 04/18 | train_loss=-1.699446 | val_loss=-1.887726 | val_dir_acc=0.4919 | 279.4s
epoch 05/18 | train_loss=-1.775253 | val_loss=-1.800651 | val_dir_acc=0.4958 | 309.6s
epoch 06/18 | train_loss=-1.806315 | val_loss=-1.909156 | val_dir_acc=0.4954 | 297.7s
epoch 07/18 | train_loss=-1.843930 | val_loss=-1.884185 | val_dir_acc=0.4983 | 302.3s
epoch 08/18 | train_loss=-1.853104 | val_loss=-1.904572 | val_dir_acc=0.4943 | 310.1s
epoch 09/18 | train_loss=-1.871076 | val_loss=-1.854040 | val_dir_acc=0.4992 | 297.5s
Early stopping at epoch 9 (best val_dir_acc=0.5000)
[two-stage] Stage 2: text+fusion+decoder fine-tune, 12 epochs, news-dense subset (train=11159); froze 4,150,146 quant params, 251,621 trainable
epoch 01/12 | train_loss=-1.738211 | val_loss=-1.872664 | val_dir_acc=0.4949 | 165.5s
epoch 02/12 | train_loss=-1.755639 | val_loss=-1.892869 | val_dir_acc=0.4920 | 171.9s
epoch 03/12 | train_loss=-1.746085 | val_loss=-1.869972 | val_dir_acc=0.4943 | 172.3s
epoch 04/12 | train_loss=-1.755722 | val_loss=-1.850739 | val_dir_acc=0.4940 | 174.0s
epoch 05/12 | train_loss=-1.766650 | val_loss=-1.886773 | val_dir_acc=0.5027 | 173.0s
epoch 06/12 | train_loss=-1.794235 | val_loss=-1.903446 | val_dir_acc=0.4955 | 167.7s
epoch 07/12 | train_loss=-1.790391 | val_loss=-1.936216 | val_dir_acc=0.4961 | 166.7s
epoch 08/12 | train_loss=-1.794433 | val_loss=-1.920539 | val_dir_acc=0.4920 | 167.3s
epoch 09/12 | train_loss=-1.796466 | val_loss=-1.873306 | val_dir_acc=0.4941 | 165.0s
epoch 10/12 | train_loss=-1.797217 | val_loss=-1.896691 | val_dir_acc=0.4937 | 165.9s
epoch 11/12 | train_loss=-1.824567 | val_loss=-1.913669 | val_dir_acc=0.4985 | 165.9s
epoch 12/12 | train_loss=-1.823409 | val_loss=-1.917150 | val_dir_acc=0.4967 | 167.9s
[adaptive] static-expert Hybrid DirAcc: 0.4975 (expert frozen at the train boundary)
[wf-expert] reusing cached walk-forward predictions (9828 windows)
[adaptive] walk-forward-expert Hybrid DirAcc: 0.4963 (delta -0.0012)
[export] results/predictions_test_Hybrid_CNN_LSTM_Transformer_seed36.csv
[hybrid] val-calibrated sign thresholds: test DirAcc 0.4981 (raw 0.4963, always-up base 0.5037, edge vs base -0.6pp)
[hybrid] calibrated abstention: act on 11% of signals (tau from val q=0.9, mode=fade) -> test selective DirAcc 0.482 vs 0.496 unfiltered
[backtest] conviction strategy (fade): -22.23% net (buy&hold +9.26%), Sharpe -4.18 (b&h 0.75), in market 15%, 1062 transactions @ 2.0bps
[hybrid] learned average XGBoost trust weight on test set: 0.555 (0=ignored, 1=fully trusted)

=== Evaluating ARIMA baseline (walk-forward, ≤1500 strided test origins) ===
[baseline] ARIMA: reusing cached full walk-forward (1500 origins)
[export] ARIMA: 1500 strided baseline origins (< 9828 test) -> full-length CSV skipped

=== Evaluating GARCH baseline (AR(1)-GARCH(1,1), ≤1500 strided test origins) ===
[baseline] GARCH: reusing cached full walk-forward (1500 origins)
[export] GARCH: 1500 strided baseline origins (< 9828 test) -> full-length CSV skipped

=== Summary (overall test-set metrics) ===
Hybrid_CNN_LSTM_Transformer    MAE=0.00156  RMSE=0.00228  R2=-0.095  DirAcc=0.496  ClfDirAcc=0.495
ARIMA                          MAE=0.00143  RMSE=0.00215  R2=-0.015  DirAcc=0.488
GARCH                          MAE=0.00142  RMSE=0.00214  R2=-0.002  DirAcc=0.504

Machine-readable report written to results/evaluation_report.json
Human-readable report written to report/report_seed_36\report.html  (charts also saved under report/report_seed_36/charts/)

======================================================================
SEED 99
======================================================================

=== Building multi-modal panel for EUR/USD (source=panel, n_days=100, interval=1h) ===
[data] panel source actually used: real  (signal_strength=n/a)
[data] train stride 3: train 45,850->15,284, val 9,837->3,279 (test untouched)
train=15284  val=3279  test=9828  features=37
[stationarity] ADF statistic=-2.5578  p-value=0.2997  -> non-stationary (unit root present, as Paper 1 also found)

=== Fitting XGBoost expert (fused inside the Hybrid architecture) ===
[features] XGBoost importance audit -- top: sent_mean=0.038, dollar_ret5=0.035, drift_60=0.034, sent_vol=0.032, sent_min=0.032, ret_close=0.032
[features] lowest-importance (noise candidates): sig_buy=0.022, sig_sell=0.021, cpi_mom=0.000, cpi_yoy=0.000, days_since_cpi=0.000
[garch-expert] npz was built for a DIFFERENT close series -- rerun `python build_garch_expert.py`; continuing WITHOUT the GARCH expert.

=== Training Hybrid CNN-LSTM-Transformer (+ internally-fused XGBoost branch) ===
C:\Sudhakar\Github\Forex_Price_Prediction\models\transformer_block.py:52: UserWarning: enable_nested_tensor is True, but self.use_nested_tensor is False because encoder_layer.norm_first was True
  self.encoder = nn.TransformerEncoder(encoder_layer, num_layers=n_layers)
Hybrid model parameters: 4,401,767 (4.40M)
[two-stage] Stage 1: quant-only, text bypassed, 18 epochs, full history (train=15284)
epoch 01/18 | train_loss=-1.162649 | val_loss=-1.300253 | val_dir_acc=0.4931 | 247.5s
epoch 02/18 | train_loss=-1.495337 | val_loss=-1.793163 | val_dir_acc=0.4986 | 244.9s
epoch 03/18 | train_loss=-1.640225 | val_loss=-1.730111 | val_dir_acc=0.5008 | 255.7s
epoch 04/18 | train_loss=-1.731892 | val_loss=-1.841620 | val_dir_acc=0.4961 | 280.2s
epoch 05/18 | train_loss=-1.783979 | val_loss=-1.835672 | val_dir_acc=0.4982 | 299.2s
epoch 06/18 | train_loss=-1.807762 | val_loss=-1.855703 | val_dir_acc=0.4935 | 301.0s
epoch 07/18 | train_loss=-1.849149 | val_loss=-1.876316 | val_dir_acc=0.4935 | 301.5s
epoch 08/18 | train_loss=-1.840836 | val_loss=-1.854291 | val_dir_acc=0.4947 | 293.9s
epoch 09/18 | train_loss=-1.869047 | val_loss=-1.872621 | val_dir_acc=0.4906 | 296.9s
epoch 10/18 | train_loss=-1.883390 | val_loss=-1.847358 | val_dir_acc=0.4960 | 290.1s
epoch 11/18 | train_loss=-1.909844 | val_loss=-1.922833 | val_dir_acc=0.4910 | 290.5s
Early stopping at epoch 11 (best val_dir_acc=0.5008)
[two-stage] Stage 2: text+fusion+decoder fine-tune, 12 epochs, news-dense subset (train=11159); froze 4,150,146 quant params, 251,621 trainable
epoch 01/12 | train_loss=-1.882987 | val_loss=-1.901591 | val_dir_acc=0.4898 | 186.6s
epoch 02/12 | train_loss=-1.888630 | val_loss=-1.902744 | val_dir_acc=0.4948 | 187.3s
epoch 03/12 | train_loss=-1.900737 | val_loss=-1.894890 | val_dir_acc=0.4965 | 190.7s
epoch 04/12 | train_loss=-1.910297 | val_loss=-1.893560 | val_dir_acc=0.4941 | 191.3s
epoch 05/12 | train_loss=-1.903608 | val_loss=-1.868152 | val_dir_acc=0.4994 | 188.1s
epoch 06/12 | train_loss=-1.919736 | val_loss=-1.911439 | val_dir_acc=0.4927 | 191.1s
epoch 07/12 | train_loss=-1.916480 | val_loss=-1.891591 | val_dir_acc=0.4899 | 189.8s
epoch 08/12 | train_loss=-1.928601 | val_loss=-1.871701 | val_dir_acc=0.4973 | 207.5s
epoch 09/12 | train_loss=-1.926235 | val_loss=-1.898155 | val_dir_acc=0.4891 | 225.3s
epoch 10/12 | train_loss=-1.932874 | val_loss=-1.891444 | val_dir_acc=0.4913 | 223.9s
epoch 11/12 | train_loss=-1.937748 | val_loss=-1.892391 | val_dir_acc=0.4925 | 220.8s
epoch 12/12 | train_loss=-1.934761 | val_loss=-1.895200 | val_dir_acc=0.4929 | 219.9s
[adaptive] static-expert Hybrid DirAcc: 0.5056 (expert frozen at the train boundary)
[wf-expert] reusing cached walk-forward predictions (9828 windows)
[adaptive] walk-forward-expert Hybrid DirAcc: 0.4997 (delta -0.0059)
[export] results/predictions_test_Hybrid_CNN_LSTM_Transformer_seed99.csv
[hybrid] val-calibrated sign thresholds: test DirAcc 0.4990 (raw 0.4997, always-up base 0.5037, edge vs base -0.5pp)
[hybrid] calibrated abstention: act on 35% of signals (tau from val q=0.7, mode=fade) -> test selective DirAcc 0.497 vs 0.500 unfiltered
[backtest] conviction strategy (fade): -26.11% net (buy&hold +9.26%), Sharpe -3.74 (b&h 0.75), in market 38%, 1446 transactions @ 2.0bps
[hybrid] learned average XGBoost trust weight on test set: 0.630 (0=ignored, 1=fully trusted)

=== Evaluating ARIMA baseline (walk-forward, ≤1500 strided test origins) ===
[baseline] ARIMA: reusing cached full walk-forward (1500 origins)
[export] ARIMA: 1500 strided baseline origins (< 9828 test) -> full-length CSV skipped

=== Evaluating GARCH baseline (AR(1)-GARCH(1,1), ≤1500 strided test origins) ===
[baseline] GARCH: reusing cached full walk-forward (1500 origins)
[export] GARCH: 1500 strided baseline origins (< 9828 test) -> full-length CSV skipped

=== Summary (overall test-set metrics) ===
Hybrid_CNN_LSTM_Transformer    MAE=0.00172  RMSE=0.00256  R2=-0.377  DirAcc=0.500  ClfDirAcc=0.498
ARIMA                          MAE=0.00143  RMSE=0.00215  R2=-0.015  DirAcc=0.488
GARCH                          MAE=0.00142  RMSE=0.00214  R2=-0.002  DirAcc=0.504

Machine-readable report written to results/evaluation_report.json
Human-readable report written to report/report_seed_99\report.html  (charts also saved under report/report_seed_99/charts/)

======================================================================
MULTI-SEED SUMMARY (3 seeds: [9, 36, 99])
======================================================================
Model                                            MAE                  RMSE   DirectionalAccuracy
Hybrid_CNN_LSTM_Transformer      0.00165 +/-0.00007   0.00244 +/-0.00012   0.49844 +/-0.00153
ARIMA                            0.00143 +/-0.00000   0.00215 +/-0.00000   0.48753 +/-0.00000
GARCH                            0.00142 +/-0.00000   0.00214 +/-0.00000   0.50440 +/-0.00000

Full multi-seed summary written to results/multi_seed_EURUSD.json
[ensemble] Hybrid seed-ensemble (3 seeds averaged): DirAcc=0.4994  @20%=0.5111  @10%=0.5242  MAE=0.00162
[consensus] committee-vote filter: trade 1497/9828 bars (15%), DirAcc 0.517 vs 0.502 unfiltered; backtest -20.4% net (Sharpe -4.14)
Roadmap extras (ensemble / event-window / TGC) written to results/roadmap_EURUSD.json
