
===== EUR/USD (Euro (EUR/USD)) @ 1h =====
[train_pairs] train stride 3: train 45,850->15,284, val 9,837->3,279 (test untouched)
[train_pairs] EURUSD: 65587 bars, train=15284 val=3279 test=9828
[garch-expert] loaded 28391 walk-forward GARCH forecasts (hash OK)
[wf-expert] block 1/99: refit on 18560 windows (cutoff idx 55737), predicted 100
[wf-expert] block 2/99: refit on 18653 windows (cutoff idx 55837), predicted 100
[wf-expert] block 3/99: refit on 18753 windows (cutoff idx 55937), predicted 100
[wf-expert] block 4/99: refit on 18853 windows (cutoff idx 56037), predicted 100
[wf-expert] block 5/99: refit on 18953 windows (cutoff idx 56137), predicted 100
[wf-expert] block 6/99: refit on 19053 windows (cutoff idx 56237), predicted 100
[wf-expert] block 7/99: refit on 19153 windows (cutoff idx 56337), predicted 100
[wf-expert] block 8/99: refit on 19253 windows (cutoff idx 56437), predicted 100
[wf-expert] block 9/99: refit on 19353 windows (cutoff idx 56537), predicted 100
[wf-expert] block 10/99: refit on 19453 windows (cutoff idx 56637), predicted 100
[wf-expert] block 11/99: refit on 19553 windows (cutoff idx 56737), predicted 100
[wf-expert] block 12/99: refit on 19653 windows (cutoff idx 56837), predicted 100
[wf-expert] block 13/99: refit on 19753 windows (cutoff idx 56937), predicted 100
[wf-expert] block 14/99: refit on 19853 windows (cutoff idx 57037), predicted 100
[wf-expert] block 15/99: refit on 19953 windows (cutoff idx 57137), predicted 100
[wf-expert] block 16/99: refit on 20053 windows (cutoff idx 57237), predicted 100
[wf-expert] block 17/99: refit on 20153 windows (cutoff idx 57337), predicted 100
[wf-expert] block 18/99: refit on 20253 windows (cutoff idx 57437), predicted 100
[wf-expert] block 19/99: refit on 20353 windows (cutoff idx 57537), predicted 100
[wf-expert] block 20/99: refit on 20453 windows (cutoff idx 57637), predicted 100
[wf-expert] block 21/99: refit on 20553 windows (cutoff idx 57737), predicted 100
[wf-expert] block 22/99: refit on 20653 windows (cutoff idx 57837), predicted 100
[wf-expert] block 23/99: refit on 20753 windows (cutoff idx 57937), predicted 100
[wf-expert] block 24/99: refit on 20853 windows (cutoff idx 58037), predicted 100
[wf-expert] block 25/99: refit on 20953 windows (cutoff idx 58137), predicted 100
[wf-expert] block 26/99: refit on 21053 windows (cutoff idx 58237), predicted 100
[wf-expert] block 27/99: refit on 21153 windows (cutoff idx 58337), predicted 100
[wf-expert] block 28/99: refit on 21253 windows (cutoff idx 58437), predicted 100
[wf-expert] block 29/99: refit on 21353 windows (cutoff idx 58537), predicted 100
[wf-expert] block 30/99: refit on 21453 windows (cutoff idx 58637), predicted 100
[wf-expert] block 31/99: refit on 21553 windows (cutoff idx 58737), predicted 100
[wf-expert] block 32/99: refit on 21653 windows (cutoff idx 58837), predicted 100
[wf-expert] block 33/99: refit on 21753 windows (cutoff idx 58937), predicted 100
[wf-expert] block 34/99: refit on 21853 windows (cutoff idx 59037), predicted 100
[wf-expert] block 35/99: refit on 21953 windows (cutoff idx 59137), predicted 100
[wf-expert] block 36/99: refit on 22053 windows (cutoff idx 59237), predicted 100
[wf-expert] block 37/99: refit on 22153 windows (cutoff idx 59337), predicted 100
[wf-expert] block 38/99: refit on 22253 windows (cutoff idx 59437), predicted 100
[wf-expert] block 39/99: refit on 22353 windows (cutoff idx 59537), predicted 100
[wf-expert] block 40/99: refit on 22453 windows (cutoff idx 59637), predicted 100
[wf-expert] block 41/99: refit on 22553 windows (cutoff idx 59737), predicted 100
[wf-expert] block 42/99: refit on 22653 windows (cutoff idx 59837), predicted 100
[wf-expert] block 43/99: refit on 22753 windows (cutoff idx 59937), predicted 100
[wf-expert] block 44/99: refit on 22853 windows (cutoff idx 60037), predicted 100
[wf-expert] block 45/99: refit on 22953 windows (cutoff idx 60137), predicted 100
[wf-expert] block 46/99: refit on 23053 windows (cutoff idx 60237), predicted 100
[wf-expert] block 47/99: refit on 23153 windows (cutoff idx 60337), predicted 100
[wf-expert] block 48/99: refit on 23253 windows (cutoff idx 60437), predicted 100
[wf-expert] block 49/99: refit on 23353 windows (cutoff idx 60537), predicted 100
[wf-expert] block 50/99: refit on 23453 windows (cutoff idx 60637), predicted 100
[wf-expert] block 51/99: refit on 23553 windows (cutoff idx 60737), predicted 100
[wf-expert] block 52/99: refit on 23653 windows (cutoff idx 60837), predicted 100
[wf-expert] block 53/99: refit on 23753 windows (cutoff idx 60937), predicted 100
[wf-expert] block 54/99: refit on 23853 windows (cutoff idx 61037), predicted 100
[wf-expert] block 55/99: refit on 23953 windows (cutoff idx 61137), predicted 100
[wf-expert] block 56/99: refit on 24053 windows (cutoff idx 61237), predicted 100
[wf-expert] block 57/99: refit on 24153 windows (cutoff idx 61337), predicted 100
[wf-expert] block 58/99: refit on 24253 windows (cutoff idx 61437), predicted 100
[wf-expert] block 59/99: refit on 24353 windows (cutoff idx 61537), predicted 100
[wf-expert] block 60/99: refit on 24453 windows (cutoff idx 61637), predicted 100
[wf-expert] block 61/99: refit on 24553 windows (cutoff idx 61737), predicted 100
[wf-expert] block 62/99: refit on 24653 windows (cutoff idx 61837), predicted 100
[wf-expert] block 63/99: refit on 24753 windows (cutoff idx 61937), predicted 100
[wf-expert] block 64/99: refit on 24853 windows (cutoff idx 62037), predicted 100
[wf-expert] block 65/99: refit on 24953 windows (cutoff idx 62137), predicted 100
[wf-expert] block 66/99: refit on 25053 windows (cutoff idx 62237), predicted 100
[wf-expert] block 67/99: refit on 25153 windows (cutoff idx 62337), predicted 100
[wf-expert] block 68/99: refit on 25253 windows (cutoff idx 62437), predicted 100
[wf-expert] block 69/99: refit on 25353 windows (cutoff idx 62537), predicted 100
[wf-expert] block 70/99: refit on 25453 windows (cutoff idx 62637), predicted 100
[wf-expert] block 71/99: refit on 25553 windows (cutoff idx 62737), predicted 100
[wf-expert] block 72/99: refit on 25653 windows (cutoff idx 62837), predicted 100
[wf-expert] block 73/99: refit on 25753 windows (cutoff idx 62937), predicted 100
[wf-expert] block 74/99: refit on 25853 windows (cutoff idx 63037), predicted 100
[wf-expert] block 75/99: refit on 25953 windows (cutoff idx 63137), predicted 100
[wf-expert] block 76/99: refit on 26053 windows (cutoff idx 63237), predicted 100
[wf-expert] block 77/99: refit on 26153 windows (cutoff idx 63337), predicted 100
[wf-expert] block 78/99: refit on 26253 windows (cutoff idx 63437), predicted 100
[wf-expert] block 79/99: refit on 26353 windows (cutoff idx 63537), predicted 100
[wf-expert] block 80/99: refit on 26453 windows (cutoff idx 63637), predicted 100
[wf-expert] block 81/99: refit on 26553 windows (cutoff idx 63737), predicted 100
[wf-expert] block 82/99: refit on 26653 windows (cutoff idx 63837), predicted 100
[wf-expert] block 83/99: refit on 26753 windows (cutoff idx 63937), predicted 100
[wf-expert] block 84/99: refit on 26853 windows (cutoff idx 64037), predicted 100
[wf-expert] block 85/99: refit on 26953 windows (cutoff idx 64137), predicted 100
[wf-expert] block 86/99: refit on 27053 windows (cutoff idx 64237), predicted 100
[wf-expert] block 87/99: refit on 27153 windows (cutoff idx 64337), predicted 100
[wf-expert] block 88/99: refit on 27253 windows (cutoff idx 64437), predicted 100
[wf-expert] block 89/99: refit on 27353 windows (cutoff idx 64537), predicted 100
[wf-expert] block 90/99: refit on 27453 windows (cutoff idx 64637), predicted 100
[wf-expert] block 91/99: refit on 27553 windows (cutoff idx 64737), predicted 100
[wf-expert] block 92/99: refit on 27653 windows (cutoff idx 64837), predicted 100
[wf-expert] block 93/99: refit on 27753 windows (cutoff idx 64937), predicted 100
[wf-expert] block 94/99: refit on 27853 windows (cutoff idx 65037), predicted 100
[wf-expert] block 95/99: refit on 27953 windows (cutoff idx 65137), predicted 100
[wf-expert] block 96/99: refit on 28053 windows (cutoff idx 65237), predicted 100
[wf-expert] block 97/99: refit on 28153 windows (cutoff idx 65337), predicted 100
[wf-expert] block 98/99: refit on 28253 windows (cutoff idx 65437), predicted 100
[wf-expert] block 99/99: refit on 28353 windows (cutoff idx 65537), predicted 28
[train_pairs] device=cpu | batch_size=32
C:\Sudhakar\Github\Forex_Price_Prediction\models\transformer_block.py:52: UserWarning: enable_nested_tensor is True, but self.use_nested_tensor is False because encoder_layer.norm_first was True
  self.encoder = nn.TransformerEncoder(encoder_layer, num_layers=n_layers)
[two-stage] Stage 1: quant-only, text bypassed, 15 epochs, full history (train=15284)
epoch 01/15 | train_loss=-1.317632 | val_loss=-1.684200 | val_dir_acc=0.5010 | 268.3s
epoch 02/15 | train_loss=-1.601907 | val_loss=-1.788926 | val_dir_acc=0.4960 | 285.2s
epoch 03/15 | train_loss=-1.700759 | val_loss=-1.901331 | val_dir_acc=0.4955 | 306.4s
epoch 04/15 | train_loss=-1.758920 | val_loss=-1.883414 | val_dir_acc=0.4946 | 301.7s
epoch 05/15 | train_loss=-1.805797 | val_loss=-1.869960 | val_dir_acc=0.4944 | 302.7s
epoch 06/15 | train_loss=-1.827743 | val_loss=-1.894002 | val_dir_acc=0.4962 | 307.1s
epoch 07/15 | train_loss=-1.877026 | val_loss=-1.880204 | val_dir_acc=0.4985 | 321.0s
epoch 08/15 | train_loss=-1.878495 | val_loss=-1.915136 | val_dir_acc=0.5016 | 329.7s
epoch 09/15 | train_loss=-1.885308 | val_loss=-1.877544 | val_dir_acc=0.4915 | 341.6s
epoch 10/15 | train_loss=-1.882946 | val_loss=-1.897096 | val_dir_acc=0.4957 | 306.8s
epoch 11/15 | train_loss=-1.878410 | val_loss=-1.883261 | val_dir_acc=0.4976 | 302.0s
epoch 12/15 | train_loss=-1.905957 | val_loss=-1.922453 | val_dir_acc=0.4933 | 302.0s
epoch 13/15 | train_loss=-1.910133 | val_loss=-1.913841 | val_dir_acc=0.4889 | 296.4s
epoch 14/15 | train_loss=-1.909127 | val_loss=-1.926475 | val_dir_acc=0.4982 | 294.9s
epoch 15/15 | train_loss=-1.906485 | val_loss=-1.911814 | val_dir_acc=0.4935 | 290.2s
[two-stage] Stage 2: text+fusion+decoder fine-tune, 10 epochs, news-dense subset (train=11159); froze 4,150,146 quant params, 251,621 trainable
epoch 01/10 | train_loss=-1.931959 | val_loss=-1.929216 | val_dir_acc=0.4978 | 205.9s
epoch 02/10 | train_loss=-1.934900 | val_loss=-1.921605 | val_dir_acc=0.4888 | 204.2s
epoch 03/10 | train_loss=-1.927806 | val_loss=-1.925577 | val_dir_acc=0.4937 | 204.7s
epoch 04/10 | train_loss=-1.938234 | val_loss=-1.917694 | val_dir_acc=0.4987 | 203.8s
epoch 05/10 | train_loss=-1.940802 | val_loss=-1.924076 | val_dir_acc=0.4936 | 205.6s
epoch 06/10 | train_loss=-1.940403 | val_loss=-1.921873 | val_dir_acc=0.4937 | 205.1s
epoch 07/10 | train_loss=-1.940601 | val_loss=-1.920737 | val_dir_acc=0.4929 | 208.5s
epoch 08/10 | train_loss=-1.938704 | val_loss=-1.920009 | val_dir_acc=0.4983 | 215.4s
epoch 09/10 | train_loss=-1.941726 | val_loss=-1.917395 | val_dir_acc=0.4980 | 218.0s
epoch 10/10 | train_loss=-1.943507 | val_loss=-1.918237 | val_dir_acc=0.4957 | 215.1s
[train_pairs] EURUSD: val-calibrated DirAcc 0.4955 (raw 0.4976, always-up base 0.5037, edge -0.8pp)
[train_pairs] EURUSD: Hybrid DirAcc 0.4976 MAE 0.00162 | wf-expert 0.5046 | GARCH 0.4974 | ARIMA 0.4697

[train_pairs] wrote results/pair_metrics/all_pairs.json
pair         Hybrid   wf-exp    GARCH    ARIMA
EUR/USD      0.4976   0.5046   0.4974   0.4697
