[gate] feature panel OK: 62328 bars, test-set sentiment coverage 99.5%

======================================================================
MAGNITUDE SEED 9
======================================================================
[train_pairs] MAGNITUDE-TARGET experiment: y = |cumulative return| per horizon; directional loss zeroed; scoring vs atr_pct.

===== XAG/USD (Silver (XAG/USD)) @ 1h =====
[train_pairs] train stride 3: train 43,569->14,523, val 9,348->3,116 (test untouched)
[train_pairs] XAGUSD: 62328 bars, train=14523 val=3116 test=9339
[garch-expert] loaded 26978 walk-forward GARCH forecasts (hash OK)
[wf-expert] block 1/94: refit on 17636 windows (cutoff idx 52967), predicted 100
[wf-expert] block 2/94: refit on 17729 windows (cutoff idx 53067), predicted 100
[wf-expert] block 3/94: refit on 17829 windows (cutoff idx 53167), predicted 100
[wf-expert] block 4/94: refit on 17929 windows (cutoff idx 53267), predicted 100
[wf-expert] block 5/94: refit on 18029 windows (cutoff idx 53367), predicted 100
[wf-expert] block 6/94: refit on 18129 windows (cutoff idx 53467), predicted 100
[wf-expert] block 7/94: refit on 18229 windows (cutoff idx 53567), predicted 100
[wf-expert] block 8/94: refit on 18329 windows (cutoff idx 53667), predicted 100
[wf-expert] block 9/94: refit on 18429 windows (cutoff idx 53767), predicted 100
[wf-expert] block 10/94: refit on 18529 windows (cutoff idx 53867), predicted 100
[wf-expert] block 11/94: refit on 18629 windows (cutoff idx 53967), predicted 100
[wf-expert] block 12/94: refit on 18729 windows (cutoff idx 54067), predicted 100
[wf-expert] block 13/94: refit on 18829 windows (cutoff idx 54167), predicted 100
[wf-expert] block 14/94: refit on 18929 windows (cutoff idx 54267), predicted 100
[wf-expert] block 15/94: refit on 19029 windows (cutoff idx 54367), predicted 100
[wf-expert] block 16/94: refit on 19129 windows (cutoff idx 54467), predicted 100
[wf-expert] block 17/94: refit on 19229 windows (cutoff idx 54567), predicted 100
[wf-expert] block 18/94: refit on 19329 windows (cutoff idx 54667), predicted 100
[wf-expert] block 19/94: refit on 19429 windows (cutoff idx 54767), predicted 100
[wf-expert] block 20/94: refit on 19529 windows (cutoff idx 54867), predicted 100
[wf-expert] block 21/94: refit on 19629 windows (cutoff idx 54967), predicted 100
[wf-expert] block 22/94: refit on 19729 windows (cutoff idx 55067), predicted 100
[wf-expert] block 23/94: refit on 19829 windows (cutoff idx 55167), predicted 100
[wf-expert] block 24/94: refit on 19929 windows (cutoff idx 55267), predicted 100
[wf-expert] block 25/94: refit on 20029 windows (cutoff idx 55367), predicted 100
[wf-expert] block 26/94: refit on 20129 windows (cutoff idx 55467), predicted 100
[wf-expert] block 27/94: refit on 20229 windows (cutoff idx 55567), predicted 100
[wf-expert] block 28/94: refit on 20329 windows (cutoff idx 55667), predicted 100
[wf-expert] block 29/94: refit on 20429 windows (cutoff idx 55767), predicted 100
[wf-expert] block 30/94: refit on 20529 windows (cutoff idx 55867), predicted 100
[wf-expert] block 31/94: refit on 20629 windows (cutoff idx 55967), predicted 100
[wf-expert] block 32/94: refit on 20729 windows (cutoff idx 56067), predicted 100
[wf-expert] block 33/94: refit on 20829 windows (cutoff idx 56167), predicted 100
[wf-expert] block 34/94: refit on 20929 windows (cutoff idx 56267), predicted 100
[wf-expert] block 35/94: refit on 21029 windows (cutoff idx 56367), predicted 100
[wf-expert] block 36/94: refit on 21129 windows (cutoff idx 56467), predicted 100
[wf-expert] block 37/94: refit on 21229 windows (cutoff idx 56567), predicted 100
[wf-expert] block 38/94: refit on 21329 windows (cutoff idx 56667), predicted 100
[wf-expert] block 39/94: refit on 21429 windows (cutoff idx 56767), predicted 100
[wf-expert] block 40/94: refit on 21529 windows (cutoff idx 56867), predicted 100
[wf-expert] block 41/94: refit on 21629 windows (cutoff idx 56967), predicted 100
[wf-expert] block 42/94: refit on 21729 windows (cutoff idx 57067), predicted 100
[wf-expert] block 43/94: refit on 21829 windows (cutoff idx 57167), predicted 100
[wf-expert] block 44/94: refit on 21929 windows (cutoff idx 57267), predicted 100
[wf-expert] block 45/94: refit on 22029 windows (cutoff idx 57367), predicted 100
[wf-expert] block 46/94: refit on 22129 windows (cutoff idx 57467), predicted 100
[wf-expert] block 47/94: refit on 22229 windows (cutoff idx 57567), predicted 100
[wf-expert] block 48/94: refit on 22329 windows (cutoff idx 57667), predicted 100
[wf-expert] block 49/94: refit on 22429 windows (cutoff idx 57767), predicted 100
[wf-expert] block 50/94: refit on 22529 windows (cutoff idx 57867), predicted 100
[wf-expert] block 51/94: refit on 22629 windows (cutoff idx 57967), predicted 100
[wf-expert] block 52/94: refit on 22729 windows (cutoff idx 58067), predicted 100
[wf-expert] block 53/94: refit on 22829 windows (cutoff idx 58167), predicted 100
[wf-expert] block 54/94: refit on 22929 windows (cutoff idx 58267), predicted 100
[wf-expert] block 55/94: refit on 23029 windows (cutoff idx 58367), predicted 100
[wf-expert] block 56/94: refit on 23129 windows (cutoff idx 58467), predicted 100
[wf-expert] block 57/94: refit on 23229 windows (cutoff idx 58567), predicted 100
[wf-expert] block 58/94: refit on 23329 windows (cutoff idx 58667), predicted 100
[wf-expert] block 59/94: refit on 23429 windows (cutoff idx 58767), predicted 100
[wf-expert] block 60/94: refit on 23529 windows (cutoff idx 58867), predicted 100
[wf-expert] block 61/94: refit on 23629 windows (cutoff idx 58967), predicted 100
[wf-expert] block 62/94: refit on 23729 windows (cutoff idx 59067), predicted 100
[wf-expert] block 63/94: refit on 23829 windows (cutoff idx 59167), predicted 100
[wf-expert] block 64/94: refit on 23929 windows (cutoff idx 59267), predicted 100
[wf-expert] block 65/94: refit on 24029 windows (cutoff idx 59367), predicted 100
[wf-expert] block 66/94: refit on 24129 windows (cutoff idx 59467), predicted 100
[wf-expert] block 67/94: refit on 24229 windows (cutoff idx 59567), predicted 100
[wf-expert] block 68/94: refit on 24329 windows (cutoff idx 59667), predicted 100
[wf-expert] block 69/94: refit on 24429 windows (cutoff idx 59767), predicted 100
[wf-expert] block 70/94: refit on 24529 windows (cutoff idx 59867), predicted 100
[wf-expert] block 71/94: refit on 24629 windows (cutoff idx 59967), predicted 100
[wf-expert] block 72/94: refit on 24729 windows (cutoff idx 60067), predicted 100
[wf-expert] block 73/94: refit on 24829 windows (cutoff idx 60167), predicted 100
[wf-expert] block 74/94: refit on 24929 windows (cutoff idx 60267), predicted 100
[wf-expert] block 75/94: refit on 25029 windows (cutoff idx 60367), predicted 100
[wf-expert] block 76/94: refit on 25129 windows (cutoff idx 60467), predicted 100
[wf-expert] block 77/94: refit on 25229 windows (cutoff idx 60567), predicted 100
[wf-expert] block 78/94: refit on 25329 windows (cutoff idx 60667), predicted 100
[wf-expert] block 79/94: refit on 25429 windows (cutoff idx 60767), predicted 100
[wf-expert] block 80/94: refit on 25529 windows (cutoff idx 60867), predicted 100
[wf-expert] block 81/94: refit on 25629 windows (cutoff idx 60967), predicted 100
[wf-expert] block 82/94: refit on 25729 windows (cutoff idx 61067), predicted 100
[wf-expert] block 83/94: refit on 25829 windows (cutoff idx 61167), predicted 100
[wf-expert] block 84/94: refit on 25929 windows (cutoff idx 61267), predicted 100
[wf-expert] block 85/94: refit on 26029 windows (cutoff idx 61367), predicted 100
[wf-expert] block 86/94: refit on 26129 windows (cutoff idx 61467), predicted 100
[wf-expert] block 87/94: refit on 26229 windows (cutoff idx 61567), predicted 100
[wf-expert] block 88/94: refit on 26329 windows (cutoff idx 61667), predicted 100
[wf-expert] block 89/94: refit on 26429 windows (cutoff idx 61767), predicted 100
[wf-expert] block 90/94: refit on 26529 windows (cutoff idx 61867), predicted 100
[wf-expert] block 91/94: refit on 26629 windows (cutoff idx 61967), predicted 100
[wf-expert] block 92/94: refit on 26729 windows (cutoff idx 62067), predicted 100
[wf-expert] block 93/94: refit on 26829 windows (cutoff idx 62167), predicted 100
[wf-expert] block 94/94: refit on 26929 windows (cutoff idx 62267), predicted 39
[train_pairs] device=cpu | batch_size=32
C:\Sudhakar\Github\Forex_Price_Prediction\models\transformer_block.py:52: UserWarning: enable_nested_tensor is True, but self.use_nested_tensor is False because encoder_layer.norm_first was True
  self.encoder = nn.TransformerEncoder(encoder_layer, num_layers=n_layers)
[two-stage] Stage 1: quant-only, text bypassed, 15 epochs, full history (train=14523)
epoch 01/15 | train_loss=-0.650930 | val_loss=-0.714451 | val_dir_acc=0.9968 | 319.2s
epoch 02/15 | train_loss=-0.785908 | val_loss=-0.705973 | val_dir_acc=0.9948 | 291.5s
epoch 03/15 | train_loss=-0.901556 | val_loss=-0.729475 | val_dir_acc=0.9915 | 305.3s
epoch 04/15 | train_loss=-0.954794 | val_loss=-0.723845 | val_dir_acc=0.9968 | 296.3s
epoch 05/15 | train_loss=-0.997102 | val_loss=-0.695759 | val_dir_acc=0.9968 | 301.4s
epoch 06/15 | train_loss=-1.012909 | val_loss=-0.782943 | val_dir_acc=0.9968 | 318.6s
epoch 07/15 | train_loss=-1.030041 | val_loss=-0.771029 | val_dir_acc=0.9968 | 340.0s
epoch 08/15 | train_loss=-1.043865 | val_loss=-0.732928 | val_dir_acc=0.9968 | 396.8s
epoch 09/15 | train_loss=-1.054857 | val_loss=-0.715428 | val_dir_acc=0.9961 | 425.7s
epoch 10/15 | train_loss=-1.077363 | val_loss=-0.693069 | val_dir_acc=0.9968 | 470.4s
epoch 11/15 | train_loss=-1.095055 | val_loss=-0.580855 | val_dir_acc=0.9968 | 450.1s
epoch 12/15 | train_loss=-1.100250 | val_loss=-0.647319 | val_dir_acc=0.9968 | 445.2s
epoch 13/15 | train_loss=-1.112585 | val_loss=-0.636304 | val_dir_acc=0.9968 | 452.0s
epoch 14/15 | train_loss=-1.110510 | val_loss=-0.578594 | val_dir_acc=0.9968 | 460.1s
Early stopping at epoch 14 (best val_loss=-0.782943)
[two-stage] Stage 2: text+fusion+decoder fine-tune, 10 epochs, news-dense subset (train=10626); froze 4,150,146 quant params, 251,621 trainable
epoch 01/10 | train_loss=-1.032124 | val_loss=-0.709702 | val_dir_acc=0.9968 | 198.0s
epoch 02/10 | train_loss=-1.033108 | val_loss=-0.716109 | val_dir_acc=0.9968 | 201.0s
epoch 03/10 | train_loss=-1.042657 | val_loss=-0.664084 | val_dir_acc=0.9968 | 195.4s
epoch 04/10 | train_loss=-1.041051 | val_loss=-0.691531 | val_dir_acc=0.9968 | 195.0s
epoch 05/10 | train_loss=-1.031963 | val_loss=-0.718436 | val_dir_acc=0.9968 | 196.2s
epoch 06/10 | train_loss=-1.028099 | val_loss=-0.698864 | val_dir_acc=0.9968 | 200.5s
epoch 07/10 | train_loss=-1.037505 | val_loss=-0.715647 | val_dir_acc=0.9968 | 196.9s
epoch 08/10 | train_loss=-1.050945 | val_loss=-0.666713 | val_dir_acc=0.9968 | 202.1s
epoch 09/10 | train_loss=-1.051902 | val_loss=-0.663685 | val_dir_acc=0.9968 | 196.4s
epoch 10/10 | train_loss=-1.054466 | val_loss=-0.679573 | val_dir_acc=0.9968 | 198.2s
[train_pairs] computing GARCH-sigma at ~1868 strided test origins (stride 5, fit_window 5000) -- cached for reuse
[train_pairs] XAGUSD MAGNITUDE: model spearman +0.414 | atr_pct +0.377 | GARCH-sigma +0.346 || large-move acc 0.553 vs 0.518 vs 0.506 (base 0.512) -> BEATS atr_pct, BEATS GARCH
[train_pairs] XAGUSD: Hybrid DirAcc 0.9967 MAE 0.00597 | wf-expert 0.9967 | GARCH 0.5185 | ARIMA 0.4980

======================================================================
MAGNITUDE SEED 36
======================================================================
[train_pairs] MAGNITUDE-TARGET experiment: y = |cumulative return| per horizon; directional loss zeroed; scoring vs atr_pct.

===== XAG/USD (Silver (XAG/USD)) @ 1h =====
[train_pairs] train stride 3: train 43,569->14,523, val 9,348->3,116 (test untouched)
[train_pairs] XAGUSD: 62328 bars, train=14523 val=3116 test=9339
[garch-expert] loaded 26978 walk-forward GARCH forecasts (hash OK)
[wf-expert] reusing cached walk-forward predictions (9339 windows)
[train_pairs] device=cpu | batch_size=32
C:\Sudhakar\Github\Forex_Price_Prediction\models\transformer_block.py:52: UserWarning: enable_nested_tensor is True, but self.use_nested_tensor is False because encoder_layer.norm_first was True
  self.encoder = nn.TransformerEncoder(encoder_layer, num_layers=n_layers)
[two-stage] Stage 1: quant-only, text bypassed, 15 epochs, full history (train=14523)
epoch 01/15 | train_loss=-0.612685 | val_loss=-0.665839 | val_dir_acc=0.9958 | 262.7s
epoch 02/15 | train_loss=-0.844675 | val_loss=-0.753011 | val_dir_acc=0.9968 | 273.5s
epoch 03/15 | train_loss=-0.930739 | val_loss=-0.455595 | val_dir_acc=0.9968 | 279.2s
epoch 04/15 | train_loss=-0.968975 | val_loss=-0.555725 | val_dir_acc=0.9968 | 282.1s
epoch 05/15 | train_loss=-0.990040 | val_loss=-0.713620 | val_dir_acc=0.9968 | 287.2s
epoch 06/15 | train_loss=-1.030042 | val_loss=-0.690249 | val_dir_acc=0.9968 | 288.0s
epoch 07/15 | train_loss=-1.052339 | val_loss=-0.782892 | val_dir_acc=0.9968 | 287.5s
epoch 08/15 | train_loss=-1.055290 | val_loss=-0.676805 | val_dir_acc=0.9968 | 287.4s
epoch 09/15 | train_loss=-1.060241 | val_loss=-0.546354 | val_dir_acc=0.9968 | 287.4s
epoch 10/15 | train_loss=-1.080078 | val_loss=-0.661040 | val_dir_acc=0.9968 | 294.7s
epoch 11/15 | train_loss=-1.082291 | val_loss=-0.656299 | val_dir_acc=0.9968 | 299.0s
epoch 12/15 | train_loss=-1.085555 | val_loss=-0.736501 | val_dir_acc=0.9968 | 300.9s
epoch 13/15 | train_loss=-1.089304 | val_loss=-0.678850 | val_dir_acc=0.9968 | 300.5s
epoch 14/15 | train_loss=-1.106816 | val_loss=-0.601524 | val_dir_acc=0.9968 | 303.4s
epoch 15/15 | train_loss=-1.105541 | val_loss=-0.664709 | val_dir_acc=0.9968 | 303.3s
Early stopping at epoch 15 (best val_loss=-0.782892)
[two-stage] Stage 2: text+fusion+decoder fine-tune, 10 epochs, news-dense subset (train=10626); froze 4,150,146 quant params, 251,621 trainable
epoch 01/10 | train_loss=-1.052825 | val_loss=-0.636130 | val_dir_acc=0.9968 | 190.8s
epoch 02/10 | train_loss=-1.041579 | val_loss=-0.694543 | val_dir_acc=0.9968 | 194.5s
epoch 03/10 | train_loss=-1.057715 | val_loss=-0.679362 | val_dir_acc=0.9968 | 198.1s
epoch 04/10 | train_loss=-1.056442 | val_loss=-0.644236 | val_dir_acc=0.9968 | 198.8s
epoch 05/10 | train_loss=-1.058486 | val_loss=-0.628017 | val_dir_acc=0.9968 | 202.3s
epoch 06/10 | train_loss=-1.061900 | val_loss=-0.677804 | val_dir_acc=0.9968 | 199.8s
epoch 07/10 | train_loss=-1.067438 | val_loss=-0.606115 | val_dir_acc=0.9968 | 203.8s
epoch 08/10 | train_loss=-1.064882 | val_loss=-0.669565 | val_dir_acc=0.9968 | 192.7s
epoch 09/10 | train_loss=-1.053366 | val_loss=-0.678293 | val_dir_acc=0.9968 | 191.5s
epoch 10/10 | train_loss=-1.060673 | val_loss=-0.670307 | val_dir_acc=0.9968 | 188.4s
Early stopping at epoch 10 (best val_loss=-0.694543)
[train_pairs] GARCH-sigma test cache hit (exports/dashboard\XAGUSD\garch_sigma_test.npz)
[train_pairs] XAGUSD MAGNITUDE: model spearman +0.418 | atr_pct +0.377 | GARCH-sigma +0.346 || large-move acc 0.550 vs 0.518 vs 0.506 (base 0.512) -> BEATS atr_pct, BEATS GARCH
[train_pairs] XAGUSD: Hybrid DirAcc 0.9967 MAE 0.00600 | wf-expert 0.9967 | GARCH 0.5185 | ARIMA 0.4980

======================================================================
MAGNITUDE SEED 99
======================================================================
[train_pairs] MAGNITUDE-TARGET experiment: y = |cumulative return| per horizon; directional loss zeroed; scoring vs atr_pct.

===== XAG/USD (Silver (XAG/USD)) @ 1h =====
[train_pairs] train stride 3: train 43,569->14,523, val 9,348->3,116 (test untouched)
[train_pairs] XAGUSD: 62328 bars, train=14523 val=3116 test=9339
[garch-expert] loaded 26978 walk-forward GARCH forecasts (hash OK)
[wf-expert] reusing cached walk-forward predictions (9339 windows)
[train_pairs] device=cpu | batch_size=32
C:\Sudhakar\Github\Forex_Price_Prediction\models\transformer_block.py:52: UserWarning: enable_nested_tensor is True, but self.use_nested_tensor is False because encoder_layer.norm_first was True
  self.encoder = nn.TransformerEncoder(encoder_layer, num_layers=n_layers)
[two-stage] Stage 1: quant-only, text bypassed, 15 epochs, full history (train=14523)
epoch 01/15 | train_loss=-0.615421 | val_loss=-0.654186 | val_dir_acc=0.9968 | 249.1s
epoch 02/15 | train_loss=-0.844968 | val_loss=-0.699225 | val_dir_acc=0.9968 | 258.4s
epoch 03/15 | train_loss=-0.918233 | val_loss=-0.387894 | val_dir_acc=0.9962 | 281.9s
epoch 04/15 | train_loss=-0.951364 | val_loss=-0.546632 | val_dir_acc=0.9968 | 293.2s
epoch 05/15 | train_loss=-0.973634 | val_loss=-0.739599 | val_dir_acc=0.9968 | 293.1s
epoch 06/15 | train_loss=-0.998284 | val_loss=-0.640778 | val_dir_acc=0.9968 | 292.7s
epoch 07/15 | train_loss=-1.016404 | val_loss=-0.684891 | val_dir_acc=0.9968 | 299.8s
epoch 08/15 | train_loss=-1.039660 | val_loss=-0.653070 | val_dir_acc=0.9968 | 294.2s
epoch 09/15 | train_loss=-1.069434 | val_loss=-0.729875 | val_dir_acc=0.9968 | 297.1s
epoch 10/15 | train_loss=-1.082447 | val_loss=-0.705447 | val_dir_acc=0.9968 | 294.5s
epoch 11/15 | train_loss=-1.084369 | val_loss=-0.425922 | val_dir_acc=0.9968 | 298.3s
epoch 12/15 | train_loss=-1.096216 | val_loss=-0.646743 | val_dir_acc=0.9968 | 296.3s
epoch 13/15 | train_loss=-1.103493 | val_loss=-0.704189 | val_dir_acc=0.9968 | 296.0s
Early stopping at epoch 13 (best val_loss=-0.739599)
[two-stage] Stage 2: text+fusion+decoder fine-tune, 10 epochs, news-dense subset (train=10626); froze 4,150,146 quant params, 251,621 trainable
epoch 01/10 | train_loss=-1.018347 | val_loss=-0.649908 | val_dir_acc=0.9968 | 196.3s
epoch 02/10 | train_loss=-1.018543 | val_loss=-0.676393 | val_dir_acc=0.9968 | 201.1s
epoch 03/10 | train_loss=-1.010214 | val_loss=-0.602856 | val_dir_acc=0.9968 | 197.9s
epoch 04/10 | train_loss=-1.033566 | val_loss=-0.594402 | val_dir_acc=0.9968 | 198.6s
epoch 05/10 | train_loss=-1.034559 | val_loss=-0.587950 | val_dir_acc=0.9968 | 196.4s
epoch 06/10 | train_loss=-1.030928 | val_loss=-0.628981 | val_dir_acc=0.9968 | 197.0s
epoch 07/10 | train_loss=-1.039036 | val_loss=-0.597911 | val_dir_acc=0.9968 | 195.6s
epoch 08/10 | train_loss=-1.033874 | val_loss=-0.649084 | val_dir_acc=0.9968 | 199.8s
epoch 09/10 | train_loss=-1.028910 | val_loss=-0.598600 | val_dir_acc=0.9968 | 198.9s
epoch 10/10 | train_loss=-1.038131 | val_loss=-0.620107 | val_dir_acc=0.9968 | 196.2s
Early stopping at epoch 10 (best val_loss=-0.676393)
[train_pairs] GARCH-sigma test cache hit (exports/dashboard\XAGUSD\garch_sigma_test.npz)
[train_pairs] XAGUSD MAGNITUDE: model spearman +0.422 | atr_pct +0.377 | GARCH-sigma +0.346 || large-move acc 0.553 vs 0.518 vs 0.506 (base 0.512) -> BEATS atr_pct, BEATS GARCH
[train_pairs] XAGUSD: Hybrid DirAcc 0.9967 MAE 0.00594 | wf-expert 0.9967 | GARCH 0.5185 | ARIMA 0.4980

======================================================================
MAGNITUDE MULTI-SEED SUMMARY (3 seeds: [9, 36, 99])
======================================================================
metric                          model    atr_pct  GARCH-sig
spearman                        0.418      0.377      0.346
large-move acc                  0.552      0.518      0.506

seeds beating atr_pct on BOTH metrics: 3/3  -> ROBUST: model beats atr_pct across all seeds
seeds beating GARCH-sigma on BOTH:     3/3  -> ROBUST: model beats GARCH-sigma across all seeds

Written to results/multi_seed_magnitude_XAGUSD.json
