
===== XAG/USD (Silver (XAG/USD)) @ 1h =====
[train_pairs] train stride 3: train 43,569->14,523, val 9,348->3,116 (test untouched)
[train_pairs] XAGUSD: 62328 bars, train=14523 val=3116 test=9339
[garch-expert] loaded 26978 walk-forward GARCH forecasts (hash OK)
[wf-expert] block 1/94: refit on 17636 windows (cutoff idx 52967), predicted 100
[wf-expert] block 2/94: refit on 17729 windows (cutoff idx 53067), predicted 100
[wf-expert] block 3/94: refit on 17829 windows (cutoff idx 53167), predicted 100
[wf-expert] block 4/94: refit on 17929 windows (cutoff idx 53267), predicted 100
[wf-expert] block 5/94: refit on 18029 windows (cutoff idx 53367), predicted 100
[wf-expert] block 6/94: refit on 18129 windows (cutoff idx 53467), predicted 100
[wf-expert] block 7/94: refit on 18229 windows (cutoff idx 53567), predicted 100
[wf-expert] block 8/94: refit on 18329 windows (cutoff idx 53667), predicted 100
[wf-expert] block 9/94: refit on 18429 windows (cutoff idx 53767), predicted 100
[wf-expert] block 10/94: refit on 18529 windows (cutoff idx 53867), predicted 100
[wf-expert] block 11/94: refit on 18629 windows (cutoff idx 53967), predicted 100
[wf-expert] block 12/94: refit on 18729 windows (cutoff idx 54067), predicted 100
[wf-expert] block 13/94: refit on 18829 windows (cutoff idx 54167), predicted 100
[wf-expert] block 14/94: refit on 18929 windows (cutoff idx 54267), predicted 100
[wf-expert] block 15/94: refit on 19029 windows (cutoff idx 54367), predicted 100
[wf-expert] block 16/94: refit on 19129 windows (cutoff idx 54467), predicted 100
[wf-expert] block 17/94: refit on 19229 windows (cutoff idx 54567), predicted 100
[wf-expert] block 18/94: refit on 19329 windows (cutoff idx 54667), predicted 100
[wf-expert] block 19/94: refit on 19429 windows (cutoff idx 54767), predicted 100
[wf-expert] block 20/94: refit on 19529 windows (cutoff idx 54867), predicted 100
[wf-expert] block 21/94: refit on 19629 windows (cutoff idx 54967), predicted 100
[wf-expert] block 22/94: refit on 19729 windows (cutoff idx 55067), predicted 100
[wf-expert] block 23/94: refit on 19829 windows (cutoff idx 55167), predicted 100
[wf-expert] block 24/94: refit on 19929 windows (cutoff idx 55267), predicted 100
[wf-expert] block 25/94: refit on 20029 windows (cutoff idx 55367), predicted 100
[wf-expert] block 26/94: refit on 20129 windows (cutoff idx 55467), predicted 100
[wf-expert] block 27/94: refit on 20229 windows (cutoff idx 55567), predicted 100
[wf-expert] block 28/94: refit on 20329 windows (cutoff idx 55667), predicted 100
[wf-expert] block 29/94: refit on 20429 windows (cutoff idx 55767), predicted 100
[wf-expert] block 30/94: refit on 20529 windows (cutoff idx 55867), predicted 100
[wf-expert] block 31/94: refit on 20629 windows (cutoff idx 55967), predicted 100
[wf-expert] block 32/94: refit on 20729 windows (cutoff idx 56067), predicted 100
[wf-expert] block 33/94: refit on 20829 windows (cutoff idx 56167), predicted 100
[wf-expert] block 34/94: refit on 20929 windows (cutoff idx 56267), predicted 100
[wf-expert] block 35/94: refit on 21029 windows (cutoff idx 56367), predicted 100
[wf-expert] block 36/94: refit on 21129 windows (cutoff idx 56467), predicted 100
[wf-expert] block 37/94: refit on 21229 windows (cutoff idx 56567), predicted 100
[wf-expert] block 38/94: refit on 21329 windows (cutoff idx 56667), predicted 100
[wf-expert] block 39/94: refit on 21429 windows (cutoff idx 56767), predicted 100
[wf-expert] block 40/94: refit on 21529 windows (cutoff idx 56867), predicted 100
[wf-expert] block 41/94: refit on 21629 windows (cutoff idx 56967), predicted 100
[wf-expert] block 42/94: refit on 21729 windows (cutoff idx 57067), predicted 100
[wf-expert] block 43/94: refit on 21829 windows (cutoff idx 57167), predicted 100
[wf-expert] block 44/94: refit on 21929 windows (cutoff idx 57267), predicted 100
[wf-expert] block 45/94: refit on 22029 windows (cutoff idx 57367), predicted 100
[wf-expert] block 46/94: refit on 22129 windows (cutoff idx 57467), predicted 100
[wf-expert] block 47/94: refit on 22229 windows (cutoff idx 57567), predicted 100
[wf-expert] block 48/94: refit on 22329 windows (cutoff idx 57667), predicted 100
[wf-expert] block 49/94: refit on 22429 windows (cutoff idx 57767), predicted 100
[wf-expert] block 50/94: refit on 22529 windows (cutoff idx 57867), predicted 100
[wf-expert] block 51/94: refit on 22629 windows (cutoff idx 57967), predicted 100
[wf-expert] block 52/94: refit on 22729 windows (cutoff idx 58067), predicted 100
[wf-expert] block 53/94: refit on 22829 windows (cutoff idx 58167), predicted 100
[wf-expert] block 54/94: refit on 22929 windows (cutoff idx 58267), predicted 100
[wf-expert] block 55/94: refit on 23029 windows (cutoff idx 58367), predicted 100
[wf-expert] block 56/94: refit on 23129 windows (cutoff idx 58467), predicted 100
[wf-expert] block 57/94: refit on 23229 windows (cutoff idx 58567), predicted 100
[wf-expert] block 58/94: refit on 23329 windows (cutoff idx 58667), predicted 100
[wf-expert] block 59/94: refit on 23429 windows (cutoff idx 58767), predicted 100
[wf-expert] block 60/94: refit on 23529 windows (cutoff idx 58867), predicted 100
[wf-expert] block 61/94: refit on 23629 windows (cutoff idx 58967), predicted 100
[wf-expert] block 62/94: refit on 23729 windows (cutoff idx 59067), predicted 100
[wf-expert] block 63/94: refit on 23829 windows (cutoff idx 59167), predicted 100
[wf-expert] block 64/94: refit on 23929 windows (cutoff idx 59267), predicted 100
[wf-expert] block 65/94: refit on 24029 windows (cutoff idx 59367), predicted 100
[wf-expert] block 66/94: refit on 24129 windows (cutoff idx 59467), predicted 100
[wf-expert] block 67/94: refit on 24229 windows (cutoff idx 59567), predicted 100
[wf-expert] block 68/94: refit on 24329 windows (cutoff idx 59667), predicted 100
[wf-expert] block 69/94: refit on 24429 windows (cutoff idx 59767), predicted 100
[wf-expert] block 70/94: refit on 24529 windows (cutoff idx 59867), predicted 100
[wf-expert] block 71/94: refit on 24629 windows (cutoff idx 59967), predicted 100
[wf-expert] block 72/94: refit on 24729 windows (cutoff idx 60067), predicted 100
[wf-expert] block 73/94: refit on 24829 windows (cutoff idx 60167), predicted 100
[wf-expert] block 74/94: refit on 24929 windows (cutoff idx 60267), predicted 100
[wf-expert] block 75/94: refit on 25029 windows (cutoff idx 60367), predicted 100
[wf-expert] block 76/94: refit on 25129 windows (cutoff idx 60467), predicted 100
[wf-expert] block 77/94: refit on 25229 windows (cutoff idx 60567), predicted 100
[wf-expert] block 78/94: refit on 25329 windows (cutoff idx 60667), predicted 100
[wf-expert] block 79/94: refit on 25429 windows (cutoff idx 60767), predicted 100
[wf-expert] block 80/94: refit on 25529 windows (cutoff idx 60867), predicted 100
[wf-expert] block 81/94: refit on 25629 windows (cutoff idx 60967), predicted 100
[wf-expert] block 82/94: refit on 25729 windows (cutoff idx 61067), predicted 100
[wf-expert] block 83/94: refit on 25829 windows (cutoff idx 61167), predicted 100
[wf-expert] block 84/94: refit on 25929 windows (cutoff idx 61267), predicted 100
[wf-expert] block 85/94: refit on 26029 windows (cutoff idx 61367), predicted 100
[wf-expert] block 86/94: refit on 26129 windows (cutoff idx 61467), predicted 100
[wf-expert] block 87/94: refit on 26229 windows (cutoff idx 61567), predicted 100
[wf-expert] block 88/94: refit on 26329 windows (cutoff idx 61667), predicted 100
[wf-expert] block 89/94: refit on 26429 windows (cutoff idx 61767), predicted 100
[wf-expert] block 90/94: refit on 26529 windows (cutoff idx 61867), predicted 100
[wf-expert] block 91/94: refit on 26629 windows (cutoff idx 61967), predicted 100
[wf-expert] block 92/94: refit on 26729 windows (cutoff idx 62067), predicted 100
[wf-expert] block 93/94: refit on 26829 windows (cutoff idx 62167), predicted 100
[wf-expert] block 94/94: refit on 26929 windows (cutoff idx 62267), predicted 39
[train_pairs] device=cpu | batch_size=32
C:\Sudhakar\Github\Forex_Price_Prediction\models\transformer_block.py:52: UserWarning: enable_nested_tensor is True, but self.use_nested_tensor is False because encoder_layer.norm_first was True
  self.encoder = nn.TransformerEncoder(encoder_layer, num_layers=n_layers)
[two-stage] Stage 1: quant-only, text bypassed, 15 epochs, full history (train=14523)
epoch 01/15 | train_loss=-0.418828 | val_loss=-0.289274 | val_dir_acc=0.5070 | 261.3s
epoch 02/15 | train_loss=-0.587050 | val_loss=-0.337708 | val_dir_acc=0.4975 | 291.1s
epoch 03/15 | train_loss=-0.627674 | val_loss=-0.362722 | val_dir_acc=0.5083 | 295.0s
epoch 04/15 | train_loss=-0.635109 | val_loss=-0.371491 | val_dir_acc=0.5060 | 287.0s
epoch 05/15 | train_loss=-0.659312 | val_loss=-0.348393 | val_dir_acc=0.5113 | 335.0s
epoch 06/15 | train_loss=-0.666907 | val_loss=-0.356168 | val_dir_acc=0.5092 | 344.0s
epoch 07/15 | train_loss=-0.670804 | val_loss=-0.372155 | val_dir_acc=0.5088 | 344.0s
epoch 08/15 | train_loss=-0.673811 | val_loss=-0.361573 | val_dir_acc=0.4976 | 343.9s
epoch 09/15 | train_loss=-0.682284 | val_loss=-0.349567 | val_dir_acc=0.5084 | 330.2s
epoch 10/15 | train_loss=-0.692040 | val_loss=-0.348685 | val_dir_acc=0.5052 | 321.4s
epoch 11/15 | train_loss=-0.700417 | val_loss=-0.314097 | val_dir_acc=0.5079 | 321.4s
epoch 12/15 | train_loss=-0.703664 | val_loss=-0.328439 | val_dir_acc=0.5101 | 320.4s
epoch 13/15 | train_loss=-0.712643 | val_loss=-0.299902 | val_dir_acc=0.5125 | 322.6s
epoch 14/15 | train_loss=-0.716469 | val_loss=-0.311501 | val_dir_acc=0.5018 | 322.5s
epoch 15/15 | train_loss=-0.715419 | val_loss=-0.350307 | val_dir_acc=0.5009 | 325.2s
[two-stage] Stage 2: text+fusion+decoder fine-tune, 10 epochs, news-dense subset (train=10626); froze 4,150,146 quant params, 251,621 trainable
epoch 01/10 | train_loss=-0.682189 | val_loss=-0.326444 | val_dir_acc=0.5084 | 206.0s
epoch 02/10 | train_loss=-0.683735 | val_loss=-0.337616 | val_dir_acc=0.5082 | 208.4s
epoch 03/10 | train_loss=-0.690241 | val_loss=-0.332594 | val_dir_acc=0.5101 | 210.9s
epoch 04/10 | train_loss=-0.685175 | val_loss=-0.338654 | val_dir_acc=0.5128 | 205.8s
epoch 05/10 | train_loss=-0.686354 | val_loss=-0.348661 | val_dir_acc=0.5089 | 220.9s
epoch 06/10 | train_loss=-0.689844 | val_loss=-0.328973 | val_dir_acc=0.5093 | 258.3s
epoch 07/10 | train_loss=-0.690101 | val_loss=-0.336527 | val_dir_acc=0.5108 | 256.3s
epoch 08/10 | train_loss=-0.687223 | val_loss=-0.336921 | val_dir_acc=0.5109 | 251.2s
epoch 09/10 | train_loss=-0.691517 | val_loss=-0.331243 | val_dir_acc=0.5079 | 245.1s
epoch 10/10 | train_loss=-0.693498 | val_loss=-0.334422 | val_dir_acc=0.5103 | 257.3s
[train_pairs] XAGUSD: val-calibrated DirAcc 0.5195 (raw 0.5141, always-up base 0.5354, edge -1.6pp)
[train_pairs] XAGUSD: Hybrid DirAcc 0.5141 MAE 0.00976 | wf-expert 0.5092 | GARCH 0.5185 | ARIMA 0.4980

[train_pairs] wrote results/pair_metrics/all_pairs.json
pair         Hybrid   wf-exp    GARCH    ARIMA
XAG/USD      0.5141   0.5092   0.5185   0.4980
